../Core/Src/bootloader_command_app.c:240:6:bootloader_get_ver_cmd	40	static
../Core/Src/bootloader_command_app.c:267:6:bootloader_get_help_cmd	24	static
../Core/Src/bootloader_command_app.c:293:6:bootloader_get_cid_cmd	40	static
../Core/Src/bootloader_command_app.c:319:6:bootloader_get_rdp_cmd	40	static
../Core/Src/bootloader_command_app.c:346:6:bootloader_go_to_addr_cmd	48	static
../Core/Src/bootloader_command_app.c:392:6:bootloader_flash_erase_cmd	40	static
../Core/Src/bootloader_command_app.c:421:6:bootloader_mem_write_cmd	56	static
../Core/Src/bootloader_command_app.c:478:6:bootloader_enable_read_write_protect_cmd	40	static
../Core/Src/bootloader_command_app.c:509:6:bootloader_read_sector_protection_status_cmd	40	static
../Core/Src/bootloader_command_app.c:538:6:bootloader_disable_read_write_protect_cmd	40	static
../Core/Src/bootloader_command_app.c:567:6:bootloader_uart_write_data	16	static
../Core/Src/bootloader_command_app.c:572:9:bootloader_verify_crc	40	static
../Core/Src/bootloader_command_app.c:593:6:bootloader_send_ack	24	static
../Core/Src/bootloader_command_app.c:602:6:bootloader_send_nack	16	static
../Core/Src/bootloader_command_app.c:608:9:bootloader_get_version	8	static
../Core/Src/bootloader_command_app.c:613:10:get_mcu_chip_id	16	static
../Core/Src/bootloader_command_app.c:620:9:get_flash_rdp_level	48	static
../Core/Src/bootloader_command_app.c:640:9:bootloader_verify_address	16	static
../Core/Src/bootloader_command_app.c:654:9:execute_flash_erase	48	static
../Core/Src/bootloader_command_app.c:683:9:execute_memory_write	56	static
../Core/Src/bootloader_command_app.c:711:9:configure_flash_sector_r_w_protection	56	static
../Core/Src/bootloader_command_app.c:808:10:read_OB_r_w_protection_status	72	static
